Archive member included to satisfy reference by file (symbol)

/home/ubuntu/aros/sysroot/usr/lib/libk.a(printf.libk.o)
                              arch/i386/interrupt_handler.o (printf)
/home/ubuntu/aros/sysroot/usr/lib/libk.a(putchar.libk.o)
                              /home/ubuntu/aros/sysroot/usr/lib/libk.a(printf.libk.o) (putchar)
/home/ubuntu/aros/sysroot/usr/lib/libk.a(abort.libk.o)
                              arch/i386/interrupt_handler.o (abort)
/home/ubuntu/aros/sysroot/usr/lib/libk.a(itoa.libk.o)
                              /home/ubuntu/aros/sysroot/usr/lib/libk.a(printf.libk.o) (itoa)
/home/ubuntu/aros/sysroot/usr/lib/libk.a(strlen.libk.o)
                              arch/i386/tty.o (strlen)

Memory Configuration

Name             Origin             Length             Attributes
*default*        0x0000000000000000 0xffffffffffffffff

Linker script and memory map

LOAD arch/i386/crti.o
LOAD arch/i386/crtbegin.o
LOAD arch/i386/boot.o
LOAD arch/i386/tty.o
LOAD arch/i386/serial.o
LOAD arch/i386/pic.o
LOAD arch/i386/interrupt_handler.o
LOAD arch/i386/idt.o
LOAD kernel/kernel.o
LOAD /home/ubuntu/aros/sysroot/usr/lib/libk.a
LOAD /home/ubuntu/opt/cross/lib/gcc/i686-elf/10.2.0/libgcc.a
LOAD arch/i386/crtend.o
LOAD arch/i386/crtn.o
                0x0000000000100000                . = 0x100000

.text           0x0000000000100000     0x12d1
 *(.multiboot)
 .multiboot     0x0000000000100000        0xc arch/i386/boot.o
 *(.text)
 .text          0x000000000010000c        0x0 arch/i386/crti.o
 *fill*         0x000000000010000c        0x4 
 .text          0x0000000000100010      0x145 arch/i386/crtbegin.o
 .text          0x0000000000100155       0x5b arch/i386/boot.o
                0x0000000000100155                _start
                0x00000000001001a7                load_idt
 .text          0x00000000001001b0      0x2d3 arch/i386/tty.o
                0x00000000001001b0                terminal_initialize
                0x0000000000100210                terminal_setcolor
                0x0000000000100220                terminal_putentryat
                0x0000000000100250                terminal_scrollraw
                0x00000000001002d0                terminal_putchar
                0x0000000000100340                terminal_write
                0x00000000001003e0                terminal_writestring
 *fill*         0x0000000000100483        0xd 
 .text          0x0000000000100490       0xfc arch/i386/serial.o
                0x0000000000100490                init_serial
                0x00000000001004f0                serial_received
                0x0000000000100500                read_serial
                0x0000000000100520                is_transmit_empty
                0x0000000000100530                write_serial
                0x0000000000100550                str_write_serial
 *fill*         0x000000000010058c        0x4 
 .text          0x0000000000100590      0x148 arch/i386/pic.o
                0x0000000000100590                PIC_remap
                0x0000000000100600                PIC_sendEOI
                0x0000000000100620                IRQ_set_mask
                0x0000000000100660                IRQ_clear_mask
                0x00000000001006a0                pic_get_irr
                0x00000000001006c0                pic_get_isr
 *fill*         0x00000000001006d8        0x8 
 .text          0x00000000001006e0      0x2ef arch/i386/interrupt_handler.o
                0x00000000001006e0                divide_by_zero_handler
                0x0000000000100720                double_fault_handler
                0x0000000000100760                irq0_handler
                0x0000000000100780                irq1_handler
                0x00000000001007d0                irq2_handler
                0x00000000001007f0                irq3_handler
                0x0000000000100810                irq4_handler
                0x0000000000100830                irq5_handler
                0x0000000000100850                irq6_handler
                0x0000000000100870                irq7_handler
                0x00000000001008c0                irq8_handler
                0x00000000001008e0                irq9_handler
                0x0000000000100900                irq10_handler
                0x0000000000100920                irq11_handler
                0x0000000000100940                irq12_handler
                0x0000000000100970                irq13_handler
                0x0000000000100990                irq14_handler
                0x00000000001009b0                irq15_handler
 *fill*         0x00000000001009cf        0x1 
 .text          0x00000000001009d0      0x290 arch/i386/idt.o
                0x00000000001009d0                idt_init
 .text          0x0000000000100c60       0x43 kernel/kernel.o
                0x0000000000100c60                kernel_main
 *fill*         0x0000000000100ca3        0xd 
 .text          0x0000000000100cb0      0x44c /home/ubuntu/aros/sysroot/usr/lib/libk.a(printf.libk.o)
                0x0000000000100cb0                printf
 *fill*         0x00000000001010fc        0x4 
 .text          0x0000000000101100       0x2b /home/ubuntu/aros/sysroot/usr/lib/libk.a(putchar.libk.o)
                0x0000000000101100                putchar
 *fill*         0x000000000010112b        0x5 
 .text          0x0000000000101130       0x15 /home/ubuntu/aros/sysroot/usr/lib/libk.a(abort.libk.o)
                0x0000000000101130                abort
 *fill*         0x0000000000101145        0xb 
 .text          0x0000000000101150      0x112 /home/ubuntu/aros/sysroot/usr/lib/libk.a(itoa.libk.o)
                0x0000000000101150                reverse_string
                0x0000000000101190                itoa
 *fill*         0x0000000000101262        0xe 
 .text          0x0000000000101270       0x1b /home/ubuntu/aros/sysroot/usr/lib/libk.a(strlen.libk.o)
                0x0000000000101270                strlen
 *fill*         0x000000000010128b        0x5 
 .text          0x0000000000101290       0x41 arch/i386/crtend.o
 .text          0x00000000001012d1        0x0 arch/i386/crtn.o

.init           0x00000000001012d1        0xf
 .init          0x00000000001012d1        0x3 arch/i386/crti.o
                0x00000000001012d1                _init
 .init          0x00000000001012d4        0x5 arch/i386/crtbegin.o
 .init          0x00000000001012d9        0x5 arch/i386/crtend.o
 .init          0x00000000001012de        0x2 arch/i386/crtn.o

.fini           0x00000000001012e0        0xa
 .fini          0x00000000001012e0        0x3 arch/i386/crti.o
                0x00000000001012e0                _fini
 .fini          0x00000000001012e3        0x5 arch/i386/crtbegin.o
 .fini          0x00000000001012e8        0x2 arch/i386/crtn.o

.iplt           0x00000000001012ea        0x0
 .iplt          0x00000000001012ea        0x0 arch/i386/crti.o

.rel.dyn        0x00000000001012ec        0x0
 .rel.got       0x00000000001012ec        0x0 arch/i386/crti.o
 .rel.iplt      0x00000000001012ec        0x0 arch/i386/crti.o
 .rel.text      0x00000000001012ec        0x0 arch/i386/crti.o

.rodata
 *(.rodata)

.eh_frame       0x00000000001012ec        0x4
 .eh_frame      0x00000000001012ec        0x0 arch/i386/crtbegin.o
 .eh_frame      0x00000000001012ec        0x4 arch/i386/crtend.o

.rodata.str1.4  0x00000000001012f0       0x8a
 .rodata.str1.4
                0x00000000001012f0       0x8a arch/i386/interrupt_handler.o

.rodata.str1.1  0x000000000010137a       0xa9
 .rodata.str1.1
                0x000000000010137a       0x64 arch/i386/interrupt_handler.o
 .rodata.str1.1
                0x00000000001013de       0x2d kernel/kernel.o
 .rodata.str1.1
                0x000000000010140b       0x18 /home/ubuntu/aros/sysroot/usr/lib/libk.a(abort.libk.o)

.data           0x0000000000102000        0x4
 *(.data)
 .data          0x0000000000102000        0x0 arch/i386/crti.o
 .data          0x0000000000102000        0x4 arch/i386/crtbegin.o
                0x0000000000102000                __dso_handle
 .data          0x0000000000102004        0x0 arch/i386/boot.o
 .data          0x0000000000102004        0x0 arch/i386/tty.o
 .data          0x0000000000102004        0x0 arch/i386/serial.o
 .data          0x0000000000102004        0x0 arch/i386/pic.o
 .data          0x0000000000102004        0x0 arch/i386/interrupt_handler.o
 .data          0x0000000000102004        0x0 arch/i386/idt.o
 .data          0x0000000000102004        0x0 kernel/kernel.o
 .data          0x0000000000102004        0x0 /home/ubuntu/aros/sysroot/usr/lib/libk.a(printf.libk.o)
 .data          0x0000000000102004        0x0 /home/ubuntu/aros/sysroot/usr/lib/libk.a(putchar.libk.o)
 .data          0x0000000000102004        0x0 /home/ubuntu/aros/sysroot/usr/lib/libk.a(abort.libk.o)
 .data          0x0000000000102004        0x0 /home/ubuntu/aros/sysroot/usr/lib/libk.a(itoa.libk.o)
 .data          0x0000000000102004        0x0 /home/ubuntu/aros/sysroot/usr/lib/libk.a(strlen.libk.o)
 .data          0x0000000000102004        0x0 arch/i386/crtend.o
 .data          0x0000000000102004        0x0 arch/i386/crtn.o

.got            0x0000000000102004        0x0
 .got           0x0000000000102004        0x0 arch/i386/crti.o

.got.plt        0x0000000000102004        0x0
 .got.plt       0x0000000000102004        0x0 arch/i386/crti.o

.igot.plt       0x0000000000102004        0x0
 .igot.plt      0x0000000000102004        0x0 arch/i386/crti.o

.ctors          0x0000000000102004        0x8
 .ctors         0x0000000000102004        0x4 arch/i386/crtbegin.o
 .ctors         0x0000000000102008        0x4 arch/i386/crtend.o

.dtors          0x000000000010200c        0x8
 .dtors         0x000000000010200c        0x4 arch/i386/crtbegin.o
 .dtors         0x0000000000102010        0x4 arch/i386/crtend.o
                0x0000000000102010                __DTOR_END__

.tm_clone_table
                0x0000000000102014        0x0
 .tm_clone_table
                0x0000000000102014        0x0 arch/i386/crtbegin.o
 .tm_clone_table
                0x0000000000102014        0x0 arch/i386/crtend.o

.bss            0x0000000000103000     0x4840
 *(COMMON)
 *(.bss)
 .bss           0x0000000000103000        0x0 arch/i386/crti.o
 .bss           0x0000000000103000       0x20 arch/i386/crtbegin.o
 .bss           0x0000000000103020     0x4000 arch/i386/boot.o
 .bss           0x0000000000107020       0x10 arch/i386/tty.o
 .bss           0x0000000000107030        0x0 arch/i386/serial.o
 .bss           0x0000000000107030        0x0 arch/i386/pic.o
 .bss           0x0000000000107030        0x0 arch/i386/interrupt_handler.o
 *fill*         0x0000000000107030       0x10 
 .bss           0x0000000000107040      0x800 arch/i386/idt.o
                0x0000000000107040                IDT
 .bss           0x0000000000107840        0x0 kernel/kernel.o
 .bss           0x0000000000107840        0x0 /home/ubuntu/aros/sysroot/usr/lib/libk.a(printf.libk.o)
 .bss           0x0000000000107840        0x0 /home/ubuntu/aros/sysroot/usr/lib/libk.a(putchar.libk.o)
 .bss           0x0000000000107840        0x0 /home/ubuntu/aros/sysroot/usr/lib/libk.a(abort.libk.o)
 .bss           0x0000000000107840        0x0 /home/ubuntu/aros/sysroot/usr/lib/libk.a(itoa.libk.o)
 .bss           0x0000000000107840        0x0 /home/ubuntu/aros/sysroot/usr/lib/libk.a(strlen.libk.o)
 .bss           0x0000000000107840        0x0 arch/i386/crtend.o
 .bss           0x0000000000107840        0x0 arch/i386/crtn.o
OUTPUT(aros.kernel elf32-i386)

.debug_line     0x0000000000000000     0x1a47
 .debug_line    0x0000000000000000       0x4f arch/i386/crti.o
 .debug_line    0x000000000000004f       0x57 arch/i386/boot.o
 .debug_line    0x00000000000000a6      0x48f arch/i386/tty.o
 .debug_line    0x0000000000000535      0x2f7 arch/i386/serial.o
 .debug_line    0x000000000000082c      0x3fa arch/i386/pic.o
 .debug_line    0x0000000000000c26      0x296 arch/i386/interrupt_handler.o
 .debug_line    0x0000000000000ebc      0x291 arch/i386/idt.o
 .debug_line    0x000000000000114d       0xc4 kernel/kernel.o
 .debug_line    0x0000000000001211      0x491 /home/ubuntu/aros/sysroot/usr/lib/libk.a(printf.libk.o)
 .debug_line    0x00000000000016a2       0x9f /home/ubuntu/aros/sysroot/usr/lib/libk.a(putchar.libk.o)
 .debug_line    0x0000000000001741       0x84 /home/ubuntu/aros/sysroot/usr/lib/libk.a(abort.libk.o)
 .debug_line    0x00000000000017c5      0x18e /home/ubuntu/aros/sysroot/usr/lib/libk.a(itoa.libk.o)
 .debug_line    0x0000000000001953       0xa7 /home/ubuntu/aros/sysroot/usr/lib/libk.a(strlen.libk.o)
 .debug_line    0x00000000000019fa       0x4d arch/i386/crtn.o

.debug_info     0x0000000000000000     0x2701
 .debug_info    0x0000000000000000       0x22 arch/i386/crti.o
 .debug_info    0x0000000000000022       0x26 arch/i386/boot.o
 .debug_info    0x0000000000000048      0x70a arch/i386/tty.o
 .debug_info    0x0000000000000752      0x4ea arch/i386/serial.o
 .debug_info    0x0000000000000c3c      0x86a arch/i386/pic.o
 .debug_info    0x00000000000014a6      0x587 arch/i386/interrupt_handler.o
 .debug_info    0x0000000000001a2d      0x264 arch/i386/idt.o
 .debug_info    0x0000000000001c91       0xee kernel/kernel.o
 .debug_info    0x0000000000001d7f      0x5ac /home/ubuntu/aros/sysroot/usr/lib/libk.a(printf.libk.o)
 .debug_info    0x000000000000232b       0xb7 /home/ubuntu/aros/sysroot/usr/lib/libk.a(putchar.libk.o)
 .debug_info    0x00000000000023e2       0x52 /home/ubuntu/aros/sysroot/usr/lib/libk.a(abort.libk.o)
 .debug_info    0x0000000000002434      0x1fa /home/ubuntu/aros/sysroot/usr/lib/libk.a(itoa.libk.o)
 .debug_info    0x000000000000262e       0xb1 /home/ubuntu/aros/sysroot/usr/lib/libk.a(strlen.libk.o)
 .debug_info    0x00000000000026df       0x22 arch/i386/crtn.o

.debug_abbrev   0x0000000000000000      0xd3e
 .debug_abbrev  0x0000000000000000       0x12 arch/i386/crti.o
 .debug_abbrev  0x0000000000000012       0x14 arch/i386/boot.o
 .debug_abbrev  0x0000000000000026      0x21a arch/i386/tty.o
 .debug_abbrev  0x0000000000000240      0x1dd arch/i386/serial.o
 .debug_abbrev  0x000000000000041d      0x1d7 arch/i386/pic.o
 .debug_abbrev  0x00000000000005f4      0x164 arch/i386/interrupt_handler.o
 .debug_abbrev  0x0000000000000758       0xe5 arch/i386/idt.o
 .debug_abbrev  0x000000000000083d       0x64 kernel/kernel.o
 .debug_abbrev  0x00000000000008a1      0x1be /home/ubuntu/aros/sysroot/usr/lib/libk.a(printf.libk.o)
 .debug_abbrev  0x0000000000000a5f       0x88 /home/ubuntu/aros/sysroot/usr/lib/libk.a(putchar.libk.o)
 .debug_abbrev  0x0000000000000ae7       0x51 /home/ubuntu/aros/sysroot/usr/lib/libk.a(abort.libk.o)
 .debug_abbrev  0x0000000000000b38      0x165 /home/ubuntu/aros/sysroot/usr/lib/libk.a(itoa.libk.o)
 .debug_abbrev  0x0000000000000c9d       0x8f /home/ubuntu/aros/sysroot/usr/lib/libk.a(strlen.libk.o)
 .debug_abbrev  0x0000000000000d2c       0x12 arch/i386/crtn.o

.debug_aranges  0x0000000000000000      0x1d0
 .debug_aranges
                0x0000000000000000       0x28 arch/i386/crti.o
 .debug_aranges
                0x0000000000000028       0x20 arch/i386/boot.o
 .debug_aranges
                0x0000000000000048       0x20 arch/i386/tty.o
 .debug_aranges
                0x0000000000000068       0x20 arch/i386/serial.o
 .debug_aranges
                0x0000000000000088       0x20 arch/i386/pic.o
 .debug_aranges
                0x00000000000000a8       0x20 arch/i386/interrupt_handler.o
 .debug_aranges
                0x00000000000000c8       0x20 arch/i386/idt.o
 .debug_aranges
                0x00000000000000e8       0x20 kernel/kernel.o
 .debug_aranges
                0x0000000000000108       0x20 /home/ubuntu/aros/sysroot/usr/lib/libk.a(printf.libk.o)
 .debug_aranges
                0x0000000000000128       0x20 /home/ubuntu/aros/sysroot/usr/lib/libk.a(putchar.libk.o)
 .debug_aranges
                0x0000000000000148       0x20 /home/ubuntu/aros/sysroot/usr/lib/libk.a(abort.libk.o)
 .debug_aranges
                0x0000000000000168       0x20 /home/ubuntu/aros/sysroot/usr/lib/libk.a(itoa.libk.o)
 .debug_aranges
                0x0000000000000188       0x20 /home/ubuntu/aros/sysroot/usr/lib/libk.a(strlen.libk.o)
 .debug_aranges
                0x00000000000001a8       0x28 arch/i386/crtn.o

.debug_str      0x0000000000000000      0x8e1
 .debug_str     0x0000000000000000       0x38 arch/i386/crti.o
 .debug_str     0x0000000000000038       0x11 arch/i386/boot.o
                                         0x38 (size before relaxing)
 .debug_str     0x0000000000000049      0x335 arch/i386/tty.o
                                        0x38d (size before relaxing)
 .debug_str     0x000000000000037e       0x68 arch/i386/serial.o
                                        0x18d (size before relaxing)
 .debug_str     0x00000000000003e6       0x97 arch/i386/pic.o
                                        0x1b4 (size before relaxing)
 .debug_str     0x000000000000047d      0x162 arch/i386/interrupt_handler.o
                                        0x298 (size before relaxing)
 .debug_str     0x00000000000005df      0x177 arch/i386/idt.o
                                        0x29f (size before relaxing)
 .debug_str     0x0000000000000756       0x1c kernel/kernel.o
                                        0x164 (size before relaxing)
 .debug_str     0x0000000000000772       0xf5 /home/ubuntu/aros/sysroot/usr/lib/libk.a(printf.libk.o)
                                        0x17e (size before relaxing)
 .debug_str     0x0000000000000867       0x10 /home/ubuntu/aros/sysroot/usr/lib/libk.a(putchar.libk.o)
                                         0xe0 (size before relaxing)
 .debug_str     0x0000000000000877        0xf /home/ubuntu/aros/sysroot/usr/lib/libk.a(abort.libk.o)
                                         0x84 (size before relaxing)
 .debug_str     0x0000000000000886       0x3a /home/ubuntu/aros/sysroot/usr/lib/libk.a(itoa.libk.o)
                                         0xc6 (size before relaxing)
 .debug_str     0x00000000000008c0       0x10 /home/ubuntu/aros/sysroot/usr/lib/libk.a(strlen.libk.o)
                                         0xca (size before relaxing)
 .debug_str     0x00000000000008d0       0x11 arch/i386/crtn.o
                                         0x38 (size before relaxing)

.debug_ranges   0x0000000000000000      0x4f8
 .debug_ranges  0x0000000000000000       0x20 arch/i386/crti.o
 .debug_ranges  0x0000000000000020      0x1e0 arch/i386/tty.o
 .debug_ranges  0x0000000000000200      0x100 arch/i386/serial.o
 .debug_ranges  0x0000000000000300       0x78 arch/i386/pic.o
 .debug_ranges  0x0000000000000378       0x18 arch/i386/interrupt_handler.o
 .debug_ranges  0x0000000000000390      0x108 /home/ubuntu/aros/sysroot/usr/lib/libk.a(printf.libk.o)
 .debug_ranges  0x0000000000000498       0x40 /home/ubuntu/aros/sysroot/usr/lib/libk.a(itoa.libk.o)
 .debug_ranges  0x00000000000004d8       0x20 arch/i386/crtn.o

.comment        0x0000000000000000       0x12
 .comment       0x0000000000000000       0x12 arch/i386/crtbegin.o
                                         0x13 (size before relaxing)
 .comment       0x0000000000000012       0x13 arch/i386/tty.o
 .comment       0x0000000000000012       0x13 arch/i386/serial.o
 .comment       0x0000000000000012       0x13 arch/i386/pic.o
 .comment       0x0000000000000012       0x13 arch/i386/interrupt_handler.o
 .comment       0x0000000000000012       0x13 arch/i386/idt.o
 .comment       0x0000000000000012       0x13 kernel/kernel.o
 .comment       0x0000000000000012       0x13 /home/ubuntu/aros/sysroot/usr/lib/libk.a(printf.libk.o)
 .comment       0x0000000000000012       0x13 /home/ubuntu/aros/sysroot/usr/lib/libk.a(putchar.libk.o)
 .comment       0x0000000000000012       0x13 /home/ubuntu/aros/sysroot/usr/lib/libk.a(abort.libk.o)
 .comment       0x0000000000000012       0x13 /home/ubuntu/aros/sysroot/usr/lib/libk.a(itoa.libk.o)
 .comment       0x0000000000000012       0x13 /home/ubuntu/aros/sysroot/usr/lib/libk.a(strlen.libk.o)
 .comment       0x0000000000000012       0x13 arch/i386/crtend.o

.debug_loc      0x0000000000000000     0x1afc
 .debug_loc     0x0000000000000000      0x5be arch/i386/tty.o
 .debug_loc     0x00000000000005be      0x2cf arch/i386/serial.o
 .debug_loc     0x000000000000088d      0x5ee arch/i386/pic.o
 .debug_loc     0x0000000000000e7b      0x29f arch/i386/interrupt_handler.o
 .debug_loc     0x000000000000111a      0x65d /home/ubuntu/aros/sysroot/usr/lib/libk.a(printf.libk.o)
 .debug_loc     0x0000000000001777      0x33f /home/ubuntu/aros/sysroot/usr/lib/libk.a(itoa.libk.o)
 .debug_loc     0x0000000000001ab6       0x46 /home/ubuntu/aros/sysroot/usr/lib/libk.a(strlen.libk.o)

.debug_frame    0x0000000000000000      0x780
 .debug_frame   0x0000000000000000      0x120 arch/i386/tty.o
 .debug_frame   0x0000000000000120       0xbc arch/i386/serial.o
 .debug_frame   0x00000000000001dc       0xc4 arch/i386/pic.o
 .debug_frame   0x00000000000002a0      0x32c arch/i386/interrupt_handler.o
 .debug_frame   0x00000000000005cc       0x34 arch/i386/idt.o
 .debug_frame   0x0000000000000600       0x2c kernel/kernel.o
 .debug_frame   0x000000000000062c       0x44 /home/ubuntu/aros/sysroot/usr/lib/libk.a(printf.libk.o)
 .debug_frame   0x0000000000000670       0x38 /home/ubuntu/aros/sysroot/usr/lib/libk.a(putchar.libk.o)
 .debug_frame   0x00000000000006a8       0x2c /home/ubuntu/aros/sysroot/usr/lib/libk.a(abort.libk.o)
 .debug_frame   0x00000000000006d4       0x78 /home/ubuntu/aros/sysroot/usr/lib/libk.a(itoa.libk.o)
 .debug_frame   0x000000000000074c       0x34 /home/ubuntu/aros/sysroot/usr/lib/libk.a(strlen.libk.o)
