Archive member included to satisfy reference by file (symbol)

/home/ubuntu/aros/sysroot/usr/lib/libk.a(printf.libk.o)
                              arch/i386/interrupt_handler.o (printf)
/home/ubuntu/aros/sysroot/usr/lib/libk.a(putchar.libk.o)
                              /home/ubuntu/aros/sysroot/usr/lib/libk.a(printf.libk.o) (putchar)
/home/ubuntu/aros/sysroot/usr/lib/libk.a(abort.libk.o)
                              arch/i386/interrupt_handler.o (abort)
/home/ubuntu/aros/sysroot/usr/lib/libk.a(itoa.libk.o)
                              /home/ubuntu/aros/sysroot/usr/lib/libk.a(printf.libk.o) (itoa)
/home/ubuntu/aros/sysroot/usr/lib/libk.a(strlen.libk.o)
                              driver/tty.o (strlen)

Memory Configuration

Name             Origin             Length             Attributes
*default*        0x0000000000000000 0xffffffffffffffff

Linker script and memory map

LOAD arch/i386/crti.o
LOAD arch/i386/crtbegin.o
LOAD arch/i386/boot.o
LOAD arch/i386/pic.o
LOAD arch/i386/interrupt_handler.o
LOAD arch/i386/idt.o
LOAD arch/i386/gdt.o
LOAD arch/i386/kernel_init.o
LOAD driver/tty.o
LOAD driver/serial.o
LOAD kernel/kernel.o
LOAD /home/ubuntu/aros/sysroot/usr/lib/libk.a
LOAD /home/ubuntu/opt/cross/lib/gcc/i686-elf/10.2.0/libgcc.a
LOAD arch/i386/crtend.o
LOAD arch/i386/crtn.o
                0x0000000000100000                . = 0x100000

.text           0x0000000000100000     0x1551
 *(.multiboot)
 .multiboot     0x0000000000100000        0xc arch/i386/boot.o
 *(.text)
 .text          0x000000000010000c        0x0 arch/i386/crti.o
 *fill*         0x000000000010000c        0x4 
 .text          0x0000000000100010      0x145 arch/i386/crtbegin.o
 .text          0x0000000000100155       0x3a arch/i386/boot.o
                0x0000000000100155                _start
                0x0000000000100168                load_idt
                0x0000000000100171                load_gdt
 *fill*         0x000000000010018f        0x1 
 .text          0x0000000000100190      0x148 arch/i386/pic.o
                0x0000000000100190                PIC_remap
                0x0000000000100200                PIC_sendEOI
                0x0000000000100220                IRQ_set_mask
                0x0000000000100260                IRQ_clear_mask
                0x00000000001002a0                pic_get_irr
                0x00000000001002c0                pic_get_isr
 *fill*         0x00000000001002d8        0x8 
 .text          0x00000000001002e0      0x42f arch/i386/interrupt_handler.o
                0x00000000001002e0                divide_by_zero_handler
                0x0000000000100320                double_fault_handler
                0x0000000000100360                bound_range_exceeded_handler
                0x00000000001003a0                invalid_opcode_handler
                0x00000000001003e0                invalid_TSS_handler
                0x0000000000100420                stack_segment_fault_handler
                0x0000000000100460                general_protection_fault_handler
                0x00000000001004a0                irq0_handler
                0x00000000001004c0                irq1_handler
                0x0000000000100510                irq2_handler
                0x0000000000100530                irq3_handler
                0x0000000000100550                irq4_handler
                0x0000000000100570                irq5_handler
                0x0000000000100590                irq6_handler
                0x00000000001005b0                irq7_handler
                0x0000000000100600                irq8_handler
                0x0000000000100620                irq9_handler
                0x0000000000100640                irq10_handler
                0x0000000000100660                irq11_handler
                0x0000000000100680                irq12_handler
                0x00000000001006b0                irq13_handler
                0x00000000001006d0                irq14_handler
                0x00000000001006f0                irq15_handler
 *fill*         0x000000000010070f        0x1 
 .text          0x0000000000100710      0x310 arch/i386/idt.o
                0x0000000000100710                idt_init
 .text          0x0000000000100a20       0xde arch/i386/gdt.o
                0x0000000000100a20                create_descriptor
                0x0000000000100a70                gdt_init
 *fill*         0x0000000000100afe        0x2 
 .text          0x0000000000100b00       0x16 arch/i386/kernel_init.o
                0x0000000000100b00                kernel_init
 *fill*         0x0000000000100b16        0xa 
 .text          0x0000000000100b20      0x2d3 driver/tty.o
                0x0000000000100b20                terminal_initialize
                0x0000000000100b80                terminal_setcolor
                0x0000000000100b90                terminal_putentryat
                0x0000000000100bc0                terminal_scrollraw
                0x0000000000100c40                terminal_putchar
                0x0000000000100cb0                terminal_write
                0x0000000000100d50                terminal_writestring
 *fill*         0x0000000000100df3        0xd 
 .text          0x0000000000100e00       0xfc driver/serial.o
                0x0000000000100e00                init_serial
                0x0000000000100e60                serial_received
                0x0000000000100e70                read_serial
                0x0000000000100e90                is_transmit_empty
                0x0000000000100ea0                write_serial
                0x0000000000100ec0                str_write_serial
 *fill*         0x0000000000100efc        0x4 
 .text          0x0000000000100f00       0x23 kernel/kernel.o
                0x0000000000100f00                kernel_main
 *fill*         0x0000000000100f23        0xd 
 .text          0x0000000000100f30      0x44c /home/ubuntu/aros/sysroot/usr/lib/libk.a(printf.libk.o)
                0x0000000000100f30                printf
 *fill*         0x000000000010137c        0x4 
 .text          0x0000000000101380       0x2b /home/ubuntu/aros/sysroot/usr/lib/libk.a(putchar.libk.o)
                0x0000000000101380                putchar
 *fill*         0x00000000001013ab        0x5 
 .text          0x00000000001013b0       0x12 /home/ubuntu/aros/sysroot/usr/lib/libk.a(abort.libk.o)
                0x00000000001013b0                abort
 *fill*         0x00000000001013c2        0xe 
 .text          0x00000000001013d0      0x112 /home/ubuntu/aros/sysroot/usr/lib/libk.a(itoa.libk.o)
                0x00000000001013d0                reverse_string
                0x0000000000101410                itoa
 *fill*         0x00000000001014e2        0xe 
 .text          0x00000000001014f0       0x1b /home/ubuntu/aros/sysroot/usr/lib/libk.a(strlen.libk.o)
                0x00000000001014f0                strlen
 *fill*         0x000000000010150b        0x5 
 .text          0x0000000000101510       0x41 arch/i386/crtend.o
 .text          0x0000000000101551        0x0 arch/i386/crtn.o

.init           0x0000000000101551        0xf
 .init          0x0000000000101551        0x3 arch/i386/crti.o
                0x0000000000101551                _init
 .init          0x0000000000101554        0x5 arch/i386/crtbegin.o
 .init          0x0000000000101559        0x5 arch/i386/crtend.o
 .init          0x000000000010155e        0x2 arch/i386/crtn.o

.fini           0x0000000000101560        0xa
 .fini          0x0000000000101560        0x3 arch/i386/crti.o
                0x0000000000101560                _fini
 .fini          0x0000000000101563        0x5 arch/i386/crtbegin.o
 .fini          0x0000000000101568        0x2 arch/i386/crtn.o

.iplt           0x000000000010156a        0x0
 .iplt          0x000000000010156a        0x0 arch/i386/crti.o

.rel.dyn        0x000000000010156c        0x0
 .rel.got       0x000000000010156c        0x0 arch/i386/crti.o
 .rel.iplt      0x000000000010156c        0x0 arch/i386/crti.o
 .rel.text      0x000000000010156c        0x0 arch/i386/crti.o

.rodata
 *(.rodata)

.eh_frame       0x000000000010156c        0x4
 .eh_frame      0x000000000010156c        0x0 arch/i386/crtbegin.o
 .eh_frame      0x000000000010156c        0x4 arch/i386/crtend.o

.rodata.str1.4  0x0000000000101570      0x1ea
 .rodata.str1.4
                0x0000000000101570      0x1ea arch/i386/interrupt_handler.o

.rodata.str1.1  0x000000000010175a       0xb5
 .rodata.str1.1
                0x000000000010175a       0x7f arch/i386/interrupt_handler.o
 .rodata.str1.1
                0x00000000001017d9       0x1e kernel/kernel.o
 .rodata.str1.1
                0x00000000001017f7       0x18 /home/ubuntu/aros/sysroot/usr/lib/libk.a(abort.libk.o)

.data           0x0000000000102000        0x4
 *(.data)
 .data          0x0000000000102000        0x0 arch/i386/crti.o
 .data          0x0000000000102000        0x4 arch/i386/crtbegin.o
                0x0000000000102000                __dso_handle
 .data          0x0000000000102004        0x0 arch/i386/boot.o
 .data          0x0000000000102004        0x0 arch/i386/pic.o
 .data          0x0000000000102004        0x0 arch/i386/interrupt_handler.o
 .data          0x0000000000102004        0x0 arch/i386/idt.o
 .data          0x0000000000102004        0x0 arch/i386/gdt.o
 .data          0x0000000000102004        0x0 arch/i386/kernel_init.o
 .data          0x0000000000102004        0x0 driver/tty.o
 .data          0x0000000000102004        0x0 driver/serial.o
 .data          0x0000000000102004        0x0 kernel/kernel.o
 .data          0x0000000000102004        0x0 /home/ubuntu/aros/sysroot/usr/lib/libk.a(printf.libk.o)
 .data          0x0000000000102004        0x0 /home/ubuntu/aros/sysroot/usr/lib/libk.a(putchar.libk.o)
 .data          0x0000000000102004        0x0 /home/ubuntu/aros/sysroot/usr/lib/libk.a(abort.libk.o)
 .data          0x0000000000102004        0x0 /home/ubuntu/aros/sysroot/usr/lib/libk.a(itoa.libk.o)
 .data          0x0000000000102004        0x0 /home/ubuntu/aros/sysroot/usr/lib/libk.a(strlen.libk.o)
 .data          0x0000000000102004        0x0 arch/i386/crtend.o
 .data          0x0000000000102004        0x0 arch/i386/crtn.o

.got            0x0000000000102004        0x0
 .got           0x0000000000102004        0x0 arch/i386/crti.o

.got.plt        0x0000000000102004        0x0
 .got.plt       0x0000000000102004        0x0 arch/i386/crti.o

.igot.plt       0x0000000000102004        0x0
 .igot.plt      0x0000000000102004        0x0 arch/i386/crti.o

.ctors          0x0000000000102004        0x8
 .ctors         0x0000000000102004        0x4 arch/i386/crtbegin.o
 .ctors         0x0000000000102008        0x4 arch/i386/crtend.o

.dtors          0x000000000010200c        0x8
 .dtors         0x000000000010200c        0x4 arch/i386/crtbegin.o
 .dtors         0x0000000000102010        0x4 arch/i386/crtend.o
                0x0000000000102010                __DTOR_END__

.tm_clone_table
                0x0000000000102014        0x0
 .tm_clone_table
                0x0000000000102014        0x0 arch/i386/crtbegin.o
 .tm_clone_table
                0x0000000000102014        0x0 arch/i386/crtend.o

.bss            0x0000000000103000     0x4858
 *(COMMON)
 *(.bss)
 .bss           0x0000000000103000        0x0 arch/i386/crti.o
 .bss           0x0000000000103000       0x20 arch/i386/crtbegin.o
 .bss           0x0000000000103020     0x4000 arch/i386/boot.o
 .bss           0x0000000000107020        0x0 arch/i386/pic.o
 .bss           0x0000000000107020        0x0 arch/i386/interrupt_handler.o
 .bss           0x0000000000107020      0x800 arch/i386/idt.o
                0x0000000000107020                IDT
 .bss           0x0000000000107820       0x28 arch/i386/gdt.o
                0x0000000000107820                GDT
 .bss           0x0000000000107848        0x0 arch/i386/kernel_init.o
 .bss           0x0000000000107848       0x10 driver/tty.o
 .bss           0x0000000000107858        0x0 driver/serial.o
 .bss           0x0000000000107858        0x0 kernel/kernel.o
 .bss           0x0000000000107858        0x0 /home/ubuntu/aros/sysroot/usr/lib/libk.a(printf.libk.o)
 .bss           0x0000000000107858        0x0 /home/ubuntu/aros/sysroot/usr/lib/libk.a(putchar.libk.o)
 .bss           0x0000000000107858        0x0 /home/ubuntu/aros/sysroot/usr/lib/libk.a(abort.libk.o)
 .bss           0x0000000000107858        0x0 /home/ubuntu/aros/sysroot/usr/lib/libk.a(itoa.libk.o)
 .bss           0x0000000000107858        0x0 /home/ubuntu/aros/sysroot/usr/lib/libk.a(strlen.libk.o)
 .bss           0x0000000000107858        0x0 arch/i386/crtend.o
 .bss           0x0000000000107858        0x0 arch/i386/crtn.o
OUTPUT(aros.kernel elf32-i386)

.debug_line     0x0000000000000000     0x1cc6
 .debug_line    0x0000000000000000       0x4f arch/i386/crti.o
 .debug_line    0x000000000000004f       0x53 arch/i386/boot.o
 .debug_line    0x00000000000000a2      0x3fa arch/i386/pic.o
 .debug_line    0x000000000000049c      0x2f3 arch/i386/interrupt_handler.o
 .debug_line    0x000000000000078f      0x309 arch/i386/idt.o
 .debug_line    0x0000000000000a98      0x168 arch/i386/gdt.o
 .debug_line    0x0000000000000c00       0x80 arch/i386/kernel_init.o
 .debug_line    0x0000000000000c80      0x48c driver/tty.o
 .debug_line    0x000000000000110c      0x2f4 driver/serial.o
 .debug_line    0x0000000000001400       0xb6 kernel/kernel.o
 .debug_line    0x00000000000014b6      0x491 /home/ubuntu/aros/sysroot/usr/lib/libk.a(printf.libk.o)
 .debug_line    0x0000000000001947       0x9f /home/ubuntu/aros/sysroot/usr/lib/libk.a(putchar.libk.o)
 .debug_line    0x00000000000019e6       0x5e /home/ubuntu/aros/sysroot/usr/lib/libk.a(abort.libk.o)
 .debug_line    0x0000000000001a44      0x18e /home/ubuntu/aros/sysroot/usr/lib/libk.a(itoa.libk.o)
 .debug_line    0x0000000000001bd2       0xa7 /home/ubuntu/aros/sysroot/usr/lib/libk.a(strlen.libk.o)
 .debug_line    0x0000000000001c79       0x4d arch/i386/crtn.o

.debug_info     0x0000000000000000     0x2ac3
 .debug_info    0x0000000000000000       0x22 arch/i386/crti.o
 .debug_info    0x0000000000000022       0x26 arch/i386/boot.o
 .debug_info    0x0000000000000048      0x86a arch/i386/pic.o
 .debug_info    0x00000000000008b2      0x719 arch/i386/interrupt_handler.o
 .debug_info    0x0000000000000fcb      0x2a0 arch/i386/idt.o
 .debug_info    0x000000000000126b      0x1a7 arch/i386/gdt.o
 .debug_info    0x0000000000001412       0x95 arch/i386/kernel_init.o
 .debug_info    0x00000000000014a7      0x70a driver/tty.o
 .debug_info    0x0000000000001bb1      0x4ea driver/serial.o
 .debug_info    0x000000000000209b       0xa6 kernel/kernel.o
 .debug_info    0x0000000000002141      0x5ac /home/ubuntu/aros/sysroot/usr/lib/libk.a(printf.libk.o)
 .debug_info    0x00000000000026ed       0xb7 /home/ubuntu/aros/sysroot/usr/lib/libk.a(putchar.libk.o)
 .debug_info    0x00000000000027a4       0x52 /home/ubuntu/aros/sysroot/usr/lib/libk.a(abort.libk.o)
 .debug_info    0x00000000000027f6      0x1fa /home/ubuntu/aros/sysroot/usr/lib/libk.a(itoa.libk.o)
 .debug_info    0x00000000000029f0       0xb1 /home/ubuntu/aros/sysroot/usr/lib/libk.a(strlen.libk.o)
 .debug_info    0x0000000000002aa1       0x22 arch/i386/crtn.o

.debug_abbrev   0x0000000000000000      0xee8
 .debug_abbrev  0x0000000000000000       0x12 arch/i386/crti.o
 .debug_abbrev  0x0000000000000012       0x14 arch/i386/boot.o
 .debug_abbrev  0x0000000000000026      0x1d7 arch/i386/pic.o
 .debug_abbrev  0x00000000000001fd      0x164 arch/i386/interrupt_handler.o
 .debug_abbrev  0x0000000000000361       0xe5 arch/i386/idt.o
 .debug_abbrev  0x0000000000000446      0x12b arch/i386/gdt.o
 .debug_abbrev  0x0000000000000571       0x7f arch/i386/kernel_init.o
 .debug_abbrev  0x00000000000005f0      0x21a driver/tty.o
 .debug_abbrev  0x000000000000080a      0x1dd driver/serial.o
 .debug_abbrev  0x00000000000009e7       0x64 kernel/kernel.o
 .debug_abbrev  0x0000000000000a4b      0x1be /home/ubuntu/aros/sysroot/usr/lib/libk.a(printf.libk.o)
 .debug_abbrev  0x0000000000000c09       0x88 /home/ubuntu/aros/sysroot/usr/lib/libk.a(putchar.libk.o)
 .debug_abbrev  0x0000000000000c91       0x51 /home/ubuntu/aros/sysroot/usr/lib/libk.a(abort.libk.o)
 .debug_abbrev  0x0000000000000ce2      0x165 /home/ubuntu/aros/sysroot/usr/lib/libk.a(itoa.libk.o)
 .debug_abbrev  0x0000000000000e47       0x8f /home/ubuntu/aros/sysroot/usr/lib/libk.a(strlen.libk.o)
 .debug_abbrev  0x0000000000000ed6       0x12 arch/i386/crtn.o

.debug_aranges  0x0000000000000000      0x210
 .debug_aranges
                0x0000000000000000       0x28 arch/i386/crti.o
 .debug_aranges
                0x0000000000000028       0x20 arch/i386/boot.o
 .debug_aranges
                0x0000000000000048       0x20 arch/i386/pic.o
 .debug_aranges
                0x0000000000000068       0x20 arch/i386/interrupt_handler.o
 .debug_aranges
                0x0000000000000088       0x20 arch/i386/idt.o
 .debug_aranges
                0x00000000000000a8       0x20 arch/i386/gdt.o
 .debug_aranges
                0x00000000000000c8       0x20 arch/i386/kernel_init.o
 .debug_aranges
                0x00000000000000e8       0x20 driver/tty.o
 .debug_aranges
                0x0000000000000108       0x20 driver/serial.o
 .debug_aranges
                0x0000000000000128       0x20 kernel/kernel.o
 .debug_aranges
                0x0000000000000148       0x20 /home/ubuntu/aros/sysroot/usr/lib/libk.a(printf.libk.o)
 .debug_aranges
                0x0000000000000168       0x20 /home/ubuntu/aros/sysroot/usr/lib/libk.a(putchar.libk.o)
 .debug_aranges
                0x0000000000000188       0x20 /home/ubuntu/aros/sysroot/usr/lib/libk.a(abort.libk.o)
 .debug_aranges
                0x00000000000001a8       0x20 /home/ubuntu/aros/sysroot/usr/lib/libk.a(itoa.libk.o)
 .debug_aranges
                0x00000000000001c8       0x20 /home/ubuntu/aros/sysroot/usr/lib/libk.a(strlen.libk.o)
 .debug_aranges
                0x00000000000001e8       0x28 arch/i386/crtn.o

.debug_str      0x0000000000000000      0xa42
 .debug_str     0x0000000000000000       0x38 arch/i386/crti.o
 .debug_str     0x0000000000000038       0x11 arch/i386/boot.o
                                         0x38 (size before relaxing)
 .debug_str     0x0000000000000049      0x167 arch/i386/pic.o
                                        0x1b4 (size before relaxing)
 .debug_str     0x00000000000001b0      0x1e7 arch/i386/interrupt_handler.o
                                        0x31d (size before relaxing)
 .debug_str     0x0000000000000397      0x1d9 arch/i386/idt.o
                                        0x301 (size before relaxing)
 .debug_str     0x0000000000000570       0x61 arch/i386/gdt.o
                                        0x180 (size before relaxing)
 .debug_str     0x00000000000005d1       0x30 arch/i386/kernel_init.o
                                         0xc0 (size before relaxing)
 .debug_str     0x0000000000000601      0x26c driver/tty.o
                                        0x38a (size before relaxing)
 .debug_str     0x000000000000086d       0x5b driver/serial.o
                                        0x18a (size before relaxing)
 .debug_str     0x00000000000008c8       0x10 kernel/kernel.o
                                        0x100 (size before relaxing)
 .debug_str     0x00000000000008d8       0xf5 /home/ubuntu/aros/sysroot/usr/lib/libk.a(printf.libk.o)
                                        0x17e (size before relaxing)
 .debug_str     0x00000000000009cd       0x10 /home/ubuntu/aros/sysroot/usr/lib/libk.a(putchar.libk.o)
                                         0xe0 (size before relaxing)
 .debug_str     0x00000000000009dd        0xf /home/ubuntu/aros/sysroot/usr/lib/libk.a(abort.libk.o)
                                         0x84 (size before relaxing)
 .debug_str     0x00000000000009ec       0x35 /home/ubuntu/aros/sysroot/usr/lib/libk.a(itoa.libk.o)
                                         0xc6 (size before relaxing)
 .debug_str     0x0000000000000a21       0x10 /home/ubuntu/aros/sysroot/usr/lib/libk.a(strlen.libk.o)
                                         0xca (size before relaxing)
 .debug_str     0x0000000000000a31       0x11 arch/i386/crtn.o
                                         0x38 (size before relaxing)

.debug_ranges   0x0000000000000000      0x4f8
 .debug_ranges  0x0000000000000000       0x20 arch/i386/crti.o
 .debug_ranges  0x0000000000000020       0x78 arch/i386/pic.o
 .debug_ranges  0x0000000000000098       0x18 arch/i386/interrupt_handler.o
 .debug_ranges  0x00000000000000b0      0x1e0 driver/tty.o
 .debug_ranges  0x0000000000000290      0x100 driver/serial.o
 .debug_ranges  0x0000000000000390      0x108 /home/ubuntu/aros/sysroot/usr/lib/libk.a(printf.libk.o)
 .debug_ranges  0x0000000000000498       0x40 /home/ubuntu/aros/sysroot/usr/lib/libk.a(itoa.libk.o)
 .debug_ranges  0x00000000000004d8       0x20 arch/i386/crtn.o

.comment        0x0000000000000000       0x12
 .comment       0x0000000000000000       0x12 arch/i386/crtbegin.o
                                         0x13 (size before relaxing)
 .comment       0x0000000000000012       0x13 arch/i386/pic.o
 .comment       0x0000000000000012       0x13 arch/i386/interrupt_handler.o
 .comment       0x0000000000000012       0x13 arch/i386/idt.o
 .comment       0x0000000000000012       0x13 arch/i386/gdt.o
 .comment       0x0000000000000012       0x13 arch/i386/kernel_init.o
 .comment       0x0000000000000012       0x13 driver/tty.o
 .comment       0x0000000000000012       0x13 driver/serial.o
 .comment       0x0000000000000012       0x13 kernel/kernel.o
 .comment       0x0000000000000012       0x13 /home/ubuntu/aros/sysroot/usr/lib/libk.a(printf.libk.o)
 .comment       0x0000000000000012       0x13 /home/ubuntu/aros/sysroot/usr/lib/libk.a(putchar.libk.o)
 .comment       0x0000000000000012       0x13 /home/ubuntu/aros/sysroot/usr/lib/libk.a(abort.libk.o)
 .comment       0x0000000000000012       0x13 /home/ubuntu/aros/sysroot/usr/lib/libk.a(itoa.libk.o)
 .comment       0x0000000000000012       0x13 /home/ubuntu/aros/sysroot/usr/lib/libk.a(strlen.libk.o)
 .comment       0x0000000000000012       0x13 arch/i386/crtend.o

.debug_loc      0x0000000000000000     0x1cc0
 .debug_loc     0x0000000000000000      0x5ee arch/i386/pic.o
 .debug_loc     0x00000000000005ee      0x326 arch/i386/interrupt_handler.o
 .debug_loc     0x0000000000000914      0x13d arch/i386/gdt.o
 .debug_loc     0x0000000000000a51      0x5be driver/tty.o
 .debug_loc     0x000000000000100f      0x2cf driver/serial.o
 .debug_loc     0x00000000000012de      0x65d /home/ubuntu/aros/sysroot/usr/lib/libk.a(printf.libk.o)
 .debug_loc     0x000000000000193b      0x33f /home/ubuntu/aros/sysroot/usr/lib/libk.a(itoa.libk.o)
 .debug_loc     0x0000000000001c7a       0x46 /home/ubuntu/aros/sysroot/usr/lib/libk.a(strlen.libk.o)

.debug_frame    0x0000000000000000      0x8b8
 .debug_frame   0x0000000000000000       0xc4 arch/i386/pic.o
 .debug_frame   0x00000000000000c4      0x3d8 arch/i386/interrupt_handler.o
 .debug_frame   0x000000000000049c       0x34 arch/i386/idt.o
 .debug_frame   0x00000000000004d0       0x58 arch/i386/gdt.o
 .debug_frame   0x0000000000000528       0x34 arch/i386/kernel_init.o
 .debug_frame   0x000000000000055c      0x120 driver/tty.o
 .debug_frame   0x000000000000067c       0xbc driver/serial.o
 .debug_frame   0x0000000000000738       0x2c kernel/kernel.o
 .debug_frame   0x0000000000000764       0x44 /home/ubuntu/aros/sysroot/usr/lib/libk.a(printf.libk.o)
 .debug_frame   0x00000000000007a8       0x38 /home/ubuntu/aros/sysroot/usr/lib/libk.a(putchar.libk.o)
 .debug_frame   0x00000000000007e0       0x2c /home/ubuntu/aros/sysroot/usr/lib/libk.a(abort.libk.o)
 .debug_frame   0x000000000000080c       0x78 /home/ubuntu/aros/sysroot/usr/lib/libk.a(itoa.libk.o)
 .debug_frame   0x0000000000000884       0x34 /home/ubuntu/aros/sysroot/usr/lib/libk.a(strlen.libk.o)
